2026-07-19T03:46:27.665841  New Odyssey date!: The Odyssey IMAX 70MM added for 2026-07-18: 10:45pm, 2:30am
2026-07-20T21:49:51.487491  New date on sale: 2026-08-13: The Odyssey IMAX 70MM added for 2026-08-13: 10:45pm, 11:30am, 2:30am, 3:15pm, 7:00pm, 7:45am
2026-07-20T22:15:47.595900  Seats open 2026-08-13 11:30am: The Odyssey IMAX 70MM: E17-E26, E15, E1-E9, F18-F26, F8, F3-F5, G20-G26, G1-G7, H21-H26, H1-H6, J22-J26, J1-J6, K17-K26, K1-K10
2026-07-20T22:15:58.910320  Seats open 2026-08-13 3:15pm: The Odyssey IMAX 70MM: E21-E26, E1-E6, F21-F26, F1-F6, G24-G26, G21, G1-G6, H21-H26, H3-H4, J23-J25, J1-J6, K22-K26, K1-K9
2026-07-20T22:16:10.491385  Seats open 2026-08-13 7:00pm: The Odyssey IMAX 70MM: E26, E1, F1, G26, G1, J26
2026-07-20T22:16:22.769678  Seats open 2026-08-13 10:45pm: The Odyssey IMAX 70MM: E18-E26, E1-E8, F22-F26, F1-F6, G21-G26, G1-G6, H24-H26, H1-H5, J24-J26, J1-J5, K21-K26, K3-K5
2026-07-20T23:18:18.056868  Seats open 2026-07-26 10:45pm: The Odyssey IMAX 70MM: E25-E26
2026-07-21T12:01:28.217860  New date on sale: 2026-08-18: The Odyssey IMAX 70MM added for 2026-08-18: 10:45pm, 11:30am, 3:15pm, 7:00pm, 7:45am
2026-07-21T12:01:39.413406  New date on sale: 2026-08-19: The Odyssey IMAX 70MM added for 2026-08-19: 10:45pm, 11:30am, 3:15pm, 7:00pm, 7:45am
2026-07-21T12:27:39.192049  Seats open 2026-08-18 11:30am: The Odyssey IMAX 70MM: E1-E26, F1-F26, G1-G26, H1-H26, J1-J26, K1-K26
2026-07-21T12:28:00.806052  Seats open 2026-08-18 7:00pm: The Odyssey IMAX 70MM: E16-E26, E1-E11, F15-F26, F1-F12, G17-G26, G1-G10, H16-H26, H1-H11, J15-J26, J1-J12, K15-K26, K1-K12
2026-07-21T12:28:13.946708  Seats open 2026-08-18 10:45pm: The Odyssey IMAX 70MM: E1-E26, F1-F26, G1-G26, H14-H26, H1-H11, J1-J26, K1-K26
2026-07-21T12:28:24.743119  Seats open 2026-08-19 11:30am: The Odyssey IMAX 70MM: E1-E26, F1-F26, G1-G26, H1-H26, J1-J26, K1-K26
2026-07-21T14:38:16.265890  Seats open 2026-08-13 11:30am: The Odyssey IMAX 70MM: H1-H2
2026-07-21T14:38:36.862227  Seats open 2026-08-13 7:00pm: The Odyssey IMAX 70MM: E26, E1
2026-07-21T14:39:10.530964  Seats open 2026-08-18 3:15pm: The Odyssey IMAX 70MM: E18-E26, E1-E8, F22-F26, F1-F10, G19-G26, G1-G9, H20-H26, H1-H8, J19-J26, J1-J8, K20-K26, K1-K6
2026-07-21T16:21:24.055515  Seats open 2026-08-10 10:45pm: The Odyssey IMAX 70MM: E1
2026-07-21T16:23:07.071206  Seats open 2026-08-13 3:15pm: The Odyssey IMAX 70MM: F26
2026-07-21T17:45:08.294240  New date on sale: 2026-08-14: The Odyssey IMAX 70MM added for 2026-08-14: 10:45pm, 11:30am, 3:15pm, 7:00pm, 7:45am
2026-07-21T17:45:22.965865  New date on sale: 2026-08-15: The Odyssey IMAX 70MM added for 2026-08-15: 10:45pm, 11:30am, 3:15pm, 7:00pm, 7:45am
2026-07-21T17:45:32.761725  New date on sale: 2026-08-16: The Odyssey IMAX 70MM added for 2026-08-16: 10:45pm, 11:30am, 3:15pm, 7:00pm, 7:45am
2026-07-21T17:45:43.633082  New date on sale: 2026-08-17: The Odyssey IMAX 70MM added for 2026-08-17: 10:45pm, 11:30am, 3:15pm, 7:00pm, 7:45am
2026-07-21T18:13:22.537774  Seats open 2026-08-17 11:30am: The Odyssey IMAX 70MM: E24-E26, H1
2026-07-21T18:13:33.161939  Seats open 2026-08-17 3:15pm: The Odyssey IMAX 70MM: E26, F1, G1, H1
2026-07-21T18:13:55.282620  Seats open 2026-08-17 10:45pm: The Odyssey IMAX 70MM: E26, E1
2026-07-21T19:51:12.748144  Seats open 2026-07-21 3:15pm: The Odyssey IMAX 70MM: H24-H25
2026-07-21T21:32:56.682144  Seats open 2026-07-21 3:15pm: The Odyssey IMAX 70MM: F24, G4
2026-07-22T01:09:55.727654  Seats open 2026-07-21 10:45pm: The Odyssey IMAX 70MM: F2
2026-07-22T10:07:49.872356  Seats open 2026-07-23 11:30am: The Odyssey IMAX 70MM: G13
2026-07-22T14:23:16.758535  Seats open 2026-07-23 3:15pm: The Odyssey IMAX 70MM: F15
2026-07-22T16:07:47.271776  Seats open 2026-07-22 11:30am: The Odyssey IMAX 70MM: F15
2026-07-22T16:11:12.127109  Seats open 2026-07-27 3:15pm: The Odyssey IMAX 70MM: K8-K10
2026-07-22T20:21:49.524355  Seats open 2026-07-22 3:15pm: The Odyssey IMAX 70MM: F10, H14
2026-07-22T21:54:01.856709  Seats open 2026-07-22 10:45pm: The Odyssey IMAX 70MM: J13-J15
2026-07-22T23:16:01.773767  Seats open 2026-07-23 11:30am: The Odyssey IMAX 70MM: E3
2026-07-23T16:14:16.206127  Seats open 2026-07-23 11:30am: The Odyssey IMAX 70MM: J25
2026-07-23T16:30:33.512080  Seats open 2026-08-14 11:30am: The Odyssey IMAX 70MM: F8-F9
2026-07-23T21:25:44.841135  Seats open 2026-07-29 11:30am: The Odyssey IMAX 70MM: E1
2026-07-23T23:43:44.487504  Seats open 2026-07-29 3:15pm: The Odyssey IMAX 70MM: K25-K26
2026-07-24T18:02:05.295572  Seats open 2026-07-25 3:15pm: The Odyssey IMAX 70MM: G23
2026-07-24T19:46:42.794841  Seats open 2026-07-24 3:15pm: The Odyssey IMAX 70MM: H2-H3
2026-07-24T21:25:42.363412  Seats open 2026-07-30 10:45pm: The Odyssey IMAX 70MM: J15
2026-07-25T16:44:49.365535  Seats open 2026-07-25 7:00pm: The Odyssey IMAX 70MM: J8
2026-07-25T17:42:34.330157  Seats open 2026-07-25 11:30am: The Odyssey IMAX 70MM: E17
2026-07-25T22:10:30.490772  Seats open 2026-07-25 11:30am: The Odyssey IMAX 70MM: E17
2026-07-26T12:54:14.196108  Seats open 2026-07-26 7:00pm: The Odyssey IMAX 70MM: G12-G15
2026-07-26T17:53:22.998847  Seats open 2026-07-26 7:00pm: The Odyssey IMAX 70MM: K11
2026-07-27T12:44:44.754058  Seats open 2026-07-27 7:45am: The Odyssey IMAX 70MM: D23-D24
2026-07-27T13:02:09.185955  Seats open 2026-08-15 3:15pm: The Odyssey IMAX 70MM: H23-H26
2026-07-27T19:10:00.344230  Seats open 2026-07-27 7:45am: The Odyssey IMAX 70MM: D23-D24
2026-07-27T20:41:14.137172  Seats open 2026-07-27 7:45am: The Odyssey IMAX 70MM: F11-F12
2026-07-27T22:05:53.046489  Seats open 2026-08-16 7:00pm: The Odyssey IMAX 70MM: J21-J23
2026-07-28T12:25:55.793963  Seats open 2026-07-29 10:45pm: The Odyssey IMAX 70MM: F21-F24
2026-07-28T23:36:33.027978  New date on sale: 2026-08-20: The Odyssey IMAX 70MM added for 2026-08-20: 10:45pm, 11:30am, 3:15pm, 7:00pm, 7:45am
2026-07-28T23:47:37.108829  Seats open 2026-07-29 11:30am: The Odyssey IMAX 70MM: E13-E14
2026-07-28T23:55:47.180568  Seats open 2026-08-07 11:30am: The Odyssey IMAX 70MM: E6-E7
2026-07-29T04:27:37.040306  Seats open 2026-07-29 7:00pm: The Odyssey IMAX 70MM: D23-D24
2026-07-29T22:59:42.891474  Seats open 2026-08-13 11:30am: The Odyssey IMAX 70MM: D23-D24
2026-07-30T07:34:14.254241  Seats open 2026-08-17 7:45am: The Odyssey IMAX 70MM: F25-F26
2026-07-30T07:37:22.467921  Seats open 2026-08-20 7:00pm: The Odyssey IMAX 70MM: K24-K26
2026-07-30T12:02:19.516628  New date on sale: 2026-08-23: The Odyssey IMAX 70MM added for 2026-08-23: 3:30pm, 7:15pm
2026-07-30T12:03:43.951120  New date on sale: 2026-08-30: The Odyssey IMAX 70MM added for 2026-08-30: 7:15pm
2026-07-30T12:03:54.032706  New date on sale: 2026-08-31: The Odyssey IMAX 70MM added for 2026-08-31: 7:15pm
2026-07-30T12:11:31.775657  Seats open 2026-07-30 7:45am: The Odyssey IMAX 70MM: H25-H26
2026-07-30T12:11:41.867981  Seats open 2026-07-30 11:30am: The Odyssey IMAX 70MM: F11-F16
2026-07-30T12:12:03.800220  Seats open 2026-07-30 7:00pm: The Odyssey IMAX 70MM: F15-F22
2026-07-30T14:36:43.449888  Seats open 2026-08-08 7:00pm: The Odyssey IMAX 70MM: D4-D5
2026-07-30T14:42:21.715645  Seats open 2026-08-14 10:45pm: The Odyssey IMAX 70MM: E11-E12
2026-07-30T14:44:17.731138  Seats open 2026-08-17 11:30am: The Odyssey IMAX 70MM: F21-F22
2026-07-30T14:46:46.119687  Seats open 2026-08-20 7:45am: The Odyssey IMAX 70MM: D16-D17, D11-D13, F25-F26, K24-K25
2026-07-30T14:47:18.235767  Seats open 2026-08-20 7:00pm: The Odyssey IMAX 70MM: E23-E26
2026-07-30T14:47:29.126006  Seats open 2026-08-20 10:45pm: The Odyssey IMAX 70MM: D23-D24
2026-07-30T14:47:50.277743  Seats open 2026-08-23 7:15pm: The Odyssey IMAX 70MM: D12-D13
2026-07-30T14:48:08.875673  Seats open 2026-08-31 7:15pm: The Odyssey IMAX 70MM: D23-D24, D4-D5, G24-G26, H23-H26, H6-H7, J23-J24
2026-07-30T16:28:37.970756  Seats open 2026-08-16 10:45pm: The Odyssey IMAX 70MM: D16-D17, E3-E4
2026-07-30T16:33:16.721946  Seats open 2026-08-23 7:15pm: The Odyssey IMAX 70MM: D23-D24, D4-D5, E25-E26
2026-07-30T16:33:37.556929  Seats open 2026-08-31 7:15pm: The Odyssey IMAX 70MM: E1-E2
2026-07-31T01:43:58.830890  Seats open 2026-08-15 7:45am: The Odyssey IMAX 70MM: E24-E25
2026-08-02T19:49:01.561842  New date on sale: 2026-08-02: The Odyssey IMAX 70MM added for 2026-08-02: 10:45pm, 2:30am, 3:15pm
2026-08-02T19:49:38.494566  New date on sale: 2026-08-05: The Odyssey IMAX 70MM added for 2026-08-05: 2:30am
2026-08-02T19:49:51.979905  New date on sale: 2026-08-06: The Odyssey IMAX 70MM added for 2026-08-06: 2:30am
2026-08-02T19:50:27.660875  New date on sale: 2026-08-09: The Odyssey IMAX 70MM added for 2026-08-09: 2:30am
2026-08-02T19:50:39.720041  New date on sale: 2026-08-10: The Odyssey IMAX 70MM added for 2026-08-10: 11:30am, 2:30am
2026-08-02T19:50:53.353646  New date on sale: 2026-08-11: The Odyssey IMAX 70MM added for 2026-08-11: 2:30am
2026-08-02T19:51:06.502329  New date on sale: 2026-08-12: The Odyssey IMAX 70MM added for 2026-08-12: 2:30am
2026-08-02T19:51:18.121894  New date on sale: 2026-08-17: The Odyssey IMAX 70MM added for 2026-08-17: 10:45pm, 2:30am, 3:15pm, 7:00pm, 7:45am
2026-08-02T19:51:28.819177  New date on sale: 2026-08-18: The Odyssey IMAX 70MM added for 2026-08-18: 10:45pm, 2:30am, 7:00pm, 7:45am
2026-08-02T19:51:42.249727  New date on sale: 2026-08-19: The Odyssey IMAX 70MM added for 2026-08-19: 11:30am, 2:30am, 3:15pm, 7:45am
2026-08-02T19:51:55.569194  New date on sale: 2026-08-20: The Odyssey IMAX 70MM added for 2026-08-20: 10:45pm, 11:30am, 2:30am, 3:15pm, 7:00pm, 7:45am
2026-08-02T19:52:07.245952  New date on sale: 2026-08-21: The Odyssey IMAX 70MM added for 2026-08-21: 11:00pm, 11:45am, 2:45am, 3:30pm, 7:15pm, 8:00am
2026-08-02T19:52:20.452005  New date on sale: 2026-08-22: The Odyssey IMAX 70MM added for 2026-08-22: 11:00pm, 11:45am, 2:45am, 3:30pm, 7:15pm, 8:00am
2026-08-02T19:52:31.424572  New date on sale: 2026-08-23: The Odyssey IMAX 70MM added for 2026-08-23: 11:00pm, 11:45am, 2:45am, 3:30pm, 7:15pm, 8:00am
2026-08-02T19:52:45.031643  New date on sale: 2026-08-24: The Odyssey IMAX 70MM added for 2026-08-24: 11:00pm, 11:45am, 3:30pm, 7:15pm, 8:00am
2026-08-02T19:52:56.938145  New date on sale: 2026-08-25: The Odyssey IMAX 70MM added for 2026-08-25: 11:00pm, 11:45am, 3:30pm, 7:15pm, 8:00am
2026-08-02T19:53:09.918197  New date on sale: 2026-08-26: The Odyssey IMAX 70MM added for 2026-08-26: 10:10pm, 10:30am, 2:15pm
2026-08-02T19:53:21.916901  New date on sale: 2026-08-27: The Odyssey IMAX 70MM added for 2026-08-27: 11:00pm, 11:45am, 3:30pm, 7:15pm, 8:00am
2026-08-02T19:53:35.121701  New date on sale: 2026-08-28: The Odyssey IMAX 70MM added for 2026-08-28: 11:00pm, 11:45am, 2:45am, 3:30pm, 7:15pm, 8:00am
2026-08-02T19:53:46.719657  New date on sale: 2026-08-29: The Odyssey IMAX 70MM added for 2026-08-29: 11:00pm, 11:45am, 2:45am, 3:30pm, 7:15pm, 8:00am
2026-08-02T19:53:59.412882  New date on sale: 2026-08-30: The Odyssey IMAX 70MM added for 2026-08-30: 11:00pm, 11:45am, 2:45am, 3:30pm, 7:15pm, 8:00am
2026-08-02T19:54:09.887473  New date on sale: 2026-08-31: The Odyssey IMAX 70MM added for 2026-08-31: 11:00pm, 11:45am, 3:30pm, 7:15pm, 8:00am
2026-08-02T19:54:23.357029  New date on sale: 2026-09-01: The Odyssey IMAX 70MM added for 2026-09-01: 11:00pm, 11:45am, 3:30pm, 7:15pm, 8:00am
2026-08-02T19:54:36.697800  New date on sale: 2026-09-02: The Odyssey IMAX 70MM added for 2026-09-02: 11:00pm, 11:45am, 3:30pm, 7:15pm, 8:00am
2026-08-02T19:54:48.312924  New date on sale: 2026-09-03: The Odyssey IMAX 70MM added for 2026-09-03: 11:00pm, 11:45am, 3:30pm, 7:15pm, 8:00am
2026-08-02T19:54:58.929355  New date on sale: 2026-09-04: The Odyssey IMAX 70MM added for 2026-09-04: 11:00pm, 11:45am, 2:45am, 3:30pm, 7:15pm, 8:00am
2026-08-02T19:55:08.651768  New date on sale: 2026-09-05: The Odyssey IMAX 70MM added for 2026-09-05: 11:00pm, 11:45am, 2:45am, 3:30pm, 7:15pm, 8:00am
2026-08-02T19:55:20.185960  New date on sale: 2026-09-06: The Odyssey IMAX 70MM added for 2026-09-06: 11:00pm, 11:45am, 2:45am, 3:30pm, 7:15pm, 8:00am
2026-08-02T19:55:30.323124  New date on sale: 2026-09-07: The Odyssey IMAX 70MM added for 2026-09-07: 11:00pm, 11:45am, 3:30pm, 7:15pm, 8:00am
2026-08-02T19:55:41.331973  New date on sale: 2026-09-08: The Odyssey IMAX 70MM added for 2026-09-08: 11:00pm, 11:45am, 3:30pm, 7:15pm, 8:00am
2026-08-02T19:55:53.530229  New date on sale: 2026-09-09: The Odyssey IMAX 70MM added for 2026-09-09: 11:00pm, 11:45am, 3:30pm, 7:15pm, 8:00am
2026-08-02T19:56:07.308775  New date on sale: 2026-09-10: The Odyssey IMAX 70MM added for 2026-09-10: 11:00pm, 11:45am, 3:30pm, 7:15pm, 8:00am
2026-08-02T19:56:20.559107  New date on sale: 2026-09-11: The Odyssey IMAX 70MM added for 2026-09-11: 11:00pm, 11:45am, 2:45am, 3:30pm, 7:15pm, 8:00am
2026-08-02T19:56:32.464563  New date on sale: 2026-09-12: The Odyssey IMAX 70MM added for 2026-09-12: 11:00pm, 11:45am, 2:45am, 3:30pm, 7:15pm, 8:00am
2026-08-02T19:56:43.137894  New date on sale: 2026-09-13: The Odyssey IMAX 70MM added for 2026-09-13: 11:00pm, 11:45am, 2:45am, 3:30pm, 7:15pm, 8:00am
2026-08-02T19:56:53.471914  New date on sale: 2026-09-14: The Odyssey IMAX 70MM added for 2026-09-14: 11:00pm, 11:45am, 3:30pm, 7:15pm, 8:00am
2026-08-02T19:57:04.212942  New date on sale: 2026-09-15: The Odyssey IMAX 70MM added for 2026-09-15: 11:00pm, 11:45am, 3:30pm, 7:15pm, 8:00am
2026-08-02T19:57:13.852934  New date on sale: 2026-09-16: The Odyssey IMAX 70MM added for 2026-09-16: 11:00pm, 11:45am, 3:30pm, 7:15pm, 8:00am
2026-08-02T20:11:10.882066  Seats open 2026-08-24 8:00am: The Odyssey IMAX 70MM: D23-D24, D4-D5
2026-08-02T20:11:56.800158  Seats open 2026-08-24 11:00pm: The Odyssey IMAX 70MM: D4-D5
2026-08-02T20:12:08.906371  Seats open 2026-08-25 8:00am: The Odyssey IMAX 70MM: D23-D24, D4-D5
2026-08-02T20:12:21.715407  Seats open 2026-08-25 11:45am: The Odyssey IMAX 70MM: D23-D24, D4-D5
2026-08-02T20:12:53.330928  Seats open 2026-08-25 11:00pm: The Odyssey IMAX 70MM: D23-D24
2026-08-02T20:13:06.264247  Seats open 2026-08-26 10:30am: The Odyssey IMAX 70MM: D23-D24, D4-D5
2026-08-02T20:13:40.153024  Seats open 2026-08-27 8:00am: The Odyssey IMAX 70MM: D23-D24, D4-D5
2026-08-02T20:13:59.897130  Seats open 2026-08-27 3:30pm: The Odyssey IMAX 70MM: D4-D5
2026-08-02T20:14:31.673154  Seats open 2026-08-28 8:00am: The Odyssey IMAX 70MM: D23-D24
2026-08-02T20:14:42.060576  Seats open 2026-08-28 11:45am: The Odyssey IMAX 70MM: G21-G22
2026-08-02T20:17:05.321058  Seats open 2026-08-30 11:00pm: The Odyssey IMAX 70MM: D23-D24, D4-D5
2026-08-02T20:17:16.812795  Seats open 2026-08-31 8:00am: The Odyssey IMAX 70MM: D23-D24, D4-D5
2026-08-02T20:17:26.835757  Seats open 2026-08-31 11:45am: The Odyssey IMAX 70MM: D23-D24, D4-D5
2026-08-02T20:17:39.442476  Seats open 2026-08-31 3:30pm: The Odyssey IMAX 70MM: D23-D24, D4-D5
2026-08-02T20:18:00.467489  Seats open 2026-08-31 11:00pm: The Odyssey IMAX 70MM: D23-D24, D4-D5
2026-08-02T20:18:13.126086  Seats open 2026-09-01 8:00am: The Odyssey IMAX 70MM: D23-D24, D4-D5
2026-08-02T20:18:26.620738  Seats open 2026-09-01 11:45am: The Odyssey IMAX 70MM: D23-D24, D4-D5
2026-08-02T20:18:38.457314  Seats open 2026-09-01 3:30pm: The Odyssey IMAX 70MM: D4-D5
2026-08-02T20:18:59.781729  Seats open 2026-09-01 11:00pm: The Odyssey IMAX 70MM: D23-D24, D4-D5
2026-08-02T20:19:09.930374  Seats open 2026-09-02 8:00am: The Odyssey IMAX 70MM: D23-D24, D4-D5
2026-08-02T20:19:20.646948  Seats open 2026-09-02 11:45am: The Odyssey IMAX 70MM: D23-D24, D4-D5
2026-08-02T20:19:52.251371  Seats open 2026-09-02 11:00pm: The Odyssey IMAX 70MM: D23-D24, D4-D5
2026-08-02T20:20:03.805905  Seats open 2026-09-03 8:00am: The Odyssey IMAX 70MM: D23-D24, D4-D5
2026-08-02T20:20:15.122132  Seats open 2026-09-03 11:45am: The Odyssey IMAX 70MM: D23-D24, D4-D5
2026-08-02T20:20:25.555930  Seats open 2026-09-03 3:30pm: The Odyssey IMAX 70MM: D4-D5
2026-08-02T20:20:50.324260  Seats open 2026-09-03 11:00pm: The Odyssey IMAX 70MM: D23-D24, D4-D5
2026-08-02T20:21:03.127876  Seats open 2026-09-04 8:00am: The Odyssey IMAX 70MM: D23-D24, D4-D5
2026-08-02T20:21:15.518992  Seats open 2026-09-04 11:45am: The Odyssey IMAX 70MM: D23-D24, D4-D5
2026-08-02T20:21:58.651370  Seats open 2026-09-05 8:00am: The Odyssey IMAX 70MM: D4-D5
2026-08-02T20:24:28.267093  Seats open 2026-09-07 11:00pm: The Odyssey IMAX 70MM: D23-D24, D4-D5
2026-08-02T20:24:38.371460  Seats open 2026-09-08 8:00am: The Odyssey IMAX 70MM: D23-D24, D4-D5
2026-08-02T20:24:51.549253  Seats open 2026-09-08 11:45am: The Odyssey IMAX 70MM: D23-D24, D4-D5
2026-08-02T20:25:02.039656  Seats open 2026-09-08 3:30pm: The Odyssey IMAX 70MM: D23-D24, D4-D5
2026-08-02T20:25:25.485561  Seats open 2026-09-08 11:00pm: The Odyssey IMAX 70MM: D23-D24, D4-D5
2026-08-02T20:25:38.700694  Seats open 2026-09-09 8:00am: The Odyssey IMAX 70MM: D23-D24, D4-D5
2026-08-02T20:25:49.742227  Seats open 2026-09-09 11:45am: The Odyssey IMAX 70MM: D23-D24, D4-D5
2026-08-02T20:26:01.320435  Seats open 2026-09-09 3:30pm: The Odyssey IMAX 70MM: D23-D24
2026-08-02T20:26:26.613825  Seats open 2026-09-09 11:00pm: The Odyssey IMAX 70MM: D23-D24, D4-D5
2026-08-02T20:26:38.485547  Seats open 2026-09-10 8:00am: The Odyssey IMAX 70MM: D23-D24, D4-D5
2026-08-02T20:26:50.805261  Seats open 2026-09-10 11:45am: The Odyssey IMAX 70MM: D23-D24, D4-D5
2026-08-02T20:27:04.428310  Seats open 2026-09-10 3:30pm: The Odyssey IMAX 70MM: D23-D24, D4-D5
2026-08-02T20:27:15.756056  Seats open 2026-09-10 7:15pm: The Odyssey IMAX 70MM: D4-D5
2026-08-02T20:27:28.605252  Seats open 2026-09-10 11:00pm: The Odyssey IMAX 70MM: D23-D24, D4-D5
2026-08-02T20:27:39.219025  Seats open 2026-09-11 8:00am: The Odyssey IMAX 70MM: D23-D24, D4-D5
2026-08-02T20:27:49.101312  Seats open 2026-09-11 11:45am: The Odyssey IMAX 70MM: D23-D24
2026-08-02T20:30:06.677931  Seats open 2026-09-13 11:00pm: The Odyssey IMAX 70MM: D4-D5
2026-08-02T20:30:20.485692  Seats open 2026-09-14 8:00am: The Odyssey IMAX 70MM: D23-D24, D4-D5
2026-08-02T20:30:30.617063  Seats open 2026-09-14 11:45am: The Odyssey IMAX 70MM: D23-D24, D4-D5
2026-08-02T20:31:06.131850  Seats open 2026-09-14 11:00pm: The Odyssey IMAX 70MM: D23-D24, D4-D5
2026-08-02T20:31:19.365681  Seats open 2026-09-15 8:00am: The Odyssey IMAX 70MM: D23-D24, D4-D5
2026-08-02T20:31:32.163779  Seats open 2026-09-15 11:45am: The Odyssey IMAX 70MM: D23-D24, D4-D5
2026-08-02T20:31:42.634304  Seats open 2026-09-15 3:30pm: The Odyssey IMAX 70MM: D4-D5
2026-08-02T20:32:03.917234  Seats open 2026-09-15 11:00pm: The Odyssey IMAX 70MM: D23-D24, D4-D5
2026-08-02T20:32:14.133302  Seats open 2026-09-16 8:00am: The Odyssey IMAX 70MM: D23-D24, D4-D5
2026-08-02T20:32:23.727324  Seats open 2026-09-16 11:45am: The Odyssey IMAX 70MM: D23-D24, D4-D5
2026-08-02T20:32:59.340264  Seats open 2026-09-16 11:00pm: The Odyssey IMAX 70MM: D23-D24, D4-D5
